select qr_ascii('hello world');
                              qr_ascii                              
--------------------------------------------------------------------
                                                                   +
                                                                   +
                                                                   +
                                                                   +
         ##############  ##  ##  ##      ##  ##############        +
         ##          ##  ####      ######    ##          ##        +
         ##  ######  ##  ##  ##  ####  ####  ##  ######  ##        +
         ##  ######  ##        ####  ####    ##  ######  ##        +
         ##  ######  ##    ##      ####  ##  ##  ######  ##        +
         ##          ##  ##    ##    ######  ##          ##        +
         ##############  ##  ##  ##  ##  ##  ##############        +
                         ####    ##    ##                          +
             ######  ##  ######  ##  ############    ######        +
         ######    ##    ##      ####  ##      ##    ##            +
         ##      ##  ########        ####  ##    ####  ####        +
         ####  ##  ##  ####      ##      ##  ##        ####        +
             ##    ######  ##  ##########  ################        +
         ##  ######      ##    ####    ####    ##    ##            +
         ##          ##    ##  ##          ##########  ####        +
         ##  ######          ##      ##  ##  ######      ##        +
         ##  ##    ######      ####  ##  ##############            +
                         ##        ####  ##      ##  ##            +
         ##############            ########  ##  ##  ######        +
         ##          ##        ##      ####      ####  ##          +
         ##  ######  ##  ##  ##      ##################            +
         ##  ######  ##  ####      ####      ##  ####    ##        +
         ##  ######  ##  ####  ##########    ####  ##    ##        +
         ##          ##    ######    ####  ##  ####      ##        +
         ##############        ##    ##  ##    ##    ######        +
                                                                   +
                                                                   +
                                                                   +
                                                                   +
 
(1 row)

select qr('pg_qr', '/tmp/pg_qr.png');
 qr 
----
 t
(1 row)

